
> sus-wears@0.1.0 build
> next build

▲ Next.js 16.3.0 (Turbopack)
- Environments: .env.local
✓ Running next.config.ts took 645ms

  Creating an optimized production build ...
✓ Compiled successfully in 24.3s
  Running TypeScript ...
  Finished TypeScript in 40s ...
  Collecting page data using 7 workers ...
  Generating static pages using 7 workers (0/18) ...
  Generating static pages using 7 workers (4/18) 
  Generating static pages using 7 workers (8/18) 
  Generating static pages using 7 workers (13/18) 
✓ Generating static pages using 7 workers (18/18) in 6.5s
  Finalizing page optimization ...

Route (app)
┌ ○ /
├ ○ /_not-found
├ ○ /about
├ ƒ /api/ai/generate
├ ○ /cart
├ ○ /checkout
├ ○ /collections
├ ƒ /collections/[slug]
├ ○ /editorial
├ ○ /foundation
├ ƒ /product/[slug]
├ ○ /robots.txt
├ ƒ /shop
├ ○ /sitemap.xml
└ ○ /sus-world


○  (Static)   prerendered as static content
ƒ  (Dynamic)  server-rendered on demand

