
> sus-wears@0.1.0 build
> next build

▲ Next.js 16.3.0 (Turbopack)
- Environments: .env.local
✓ Running next.config.ts took 250ms

  Creating an optimized production build ...
e [CssSyntaxError]: Missing closing } at @media (prefers-reduced-motion: reduce)
    [2m[at ie (/root/sus-wears/node_modules/@tailwindcss/node/dist/index.js:3:13917)][0m
    [2m[at St (/root/sus-wears/node_modules/@tailwindcss/node/dist/index.js:10:1186)][0m
    [2m[at loadStylesheet (/root/sus-wears/node_modules/@tailwindcss/node/dist/index.js:10:3005)][0m
    [2m[at async /root/sus-wears/node_modules/tailwindcss/dist/lib.js:21:2957][0m
    at async Promise.all (index 4)
    [2m[at async Tr (/root/sus-wears/node_modules/tailwindcss/dist/lib.js:21:3115)][0m
    [2m[at async On (/root/sus-wears/node_modules/tailwindcss/dist/lib.js:32:2597)][0m
    [2m[at async _n (/root/sus-wears/node_modules/tailwindcss/dist/lib.js:38:631)][0m
    [2m[at async an (/root/sus-wears/node_modules/@tailwindcss/node/dist/index.js:10:3415)][0m
    [2m[at async E (/root/sus-wears/node_modules/@tailwindcss/postcss/dist/index.js:10:3996)][0m {
  loc: null
}

> Build error occurred
Error: Turbopack build failed with 9 errors:
./src/app/globals.css
Error: Error evaluating Node.js code
CssSyntaxError: tailwindcss: /root/sus-wears/src/app/globals.css:1:1: Missing closing } at @media (prefers-reduced-motion: reduce)
    at Input.error (node_modules/postcss/lib/input.js:135:16) [/root/sus-wears/.next/build/chunks/node_modules_20v-8wl._.js:919:22]
    at error (node_modules/postcss/lib/node.js:166:32) [/root/sus-wears/.next/build/chunks/node_modules_20v-8wl._.js:2271:38]
    [at Object.Once (/root/sus-wears/node_modules/@tailwindcss/postcss/dist/index.js:10:7013)]
    at async LazyResult.runAsync (node_modules/postcss/lib/lazy-result.js:299:11) [/root/sus-wears/.next/build/chunks/node_modules_20v-8wl._.js:1323:21]
    at async transform (turbopack:///[turbopack-node]/transforms/postcss.ts?config=[project]/postcss.config.mjs:70:34) [/root/sus-wears/.next/build/chunks/[root-of-the-server]__1kki86f._.js:98:36]
    at async run (turbopack:///[turbopack-node]/child_process/evaluate.ts:89:23) [/root/sus-wears/.next/build/chunks/[root-of-the-server]__05i36w1._.js:73:31]

Import trace:
  Client Component Browser:
    ./src/app/globals.css [Client Component Browser]
    ./src/app/layout.tsx [Server Component]


./src/components/home/HouseStory.tsx:1:10
Error: You're importing a module that depends on `useEffect` into a React Server Component module. This API is only available in Client Components. To fix, mark the file (or its parent) with the `"use client"` directive.
    Learn more: https://nextjs.org/docs/app/api-reference/directives/use-client
[31m[1m>[0m [90m1 |[0m [36mimport[0m { useEffect, useState, useRef } [36mfrom[0m [32m"react"[0m;
  [90m  |[0m          [31m[1m^^^^^^^^^[0m
  [90m2 |[0m [36mimport[0m [33mLink[0m [36mfrom[0m [32m"next/link"[0m;
  [90m3 |[0m [36mimport[0m { [33mReveal[0m } [36mfrom[0m [32m"@/components/motion/Reveal"[0m;
  [90m4 |[0m [36mimport[0m { [33mContainer[0m } [36mfrom[0m [32m"@/components/ui/Container"[0m;

Ecmascript file had an error

Import trace:
  Server Component:
    ./src/components/home/HouseStory.tsx
    ./src/components/home/HomePage.tsx
    ./src/app/page.tsx


./src/components/motion/MagneticCursor.tsx:1:10
Error: You're importing a module that depends on `useEffect` into a React Server Component module. This API is only available in Client Components. To fix, mark the file (or its parent) with the `"use client"` directive.
    Learn more: https://nextjs.org/docs/app/api-reference/directives/use-client
[31m[1m>[0m [90m1 |[0m [36mimport[0m { useEffect, useRef, useState } [36mfrom[0m [32m"react"[0m;
  [90m  |[0m          [31m[1m^^^^^^^^^[0m
  [90m2 |[0m [36mimport[0m { useReducedMotion } [36mfrom[0m [32m"@/hooks/useReducedMotion"[0m;
  [90m3 |[0m
  [90m4 |[0m [36mexport[0m [36mfunction[0m [33mMagneticCursor[0m() {

Ecmascript file had an error

Import trace:
  Server Component:
    ./src/components/motion/MagneticCursor.tsx
    ./src/components/layout/AppShell.tsx
    ./src/app/layout.tsx


./src/components/motion/ScrollProgress.tsx:1:10
Error: You're importing a module that depends on `useEffect` into a React Server Component module. This API is only available in Client Components. To fix, mark the file (or its parent) with the `"use client"` directive.
    Learn more: https://nextjs.org/docs/app/api-reference/directives/use-client
[31m[1m>[0m [90m1 |[0m [36mimport[0m { useEffect, useRef } [36mfrom[0m [32m"react"[0m;
  [90m  |[0m          [31m[1m^^^^^^^^^[0m
  [90m2 |[0m
  [90m3 |[0m [36mexport[0m [36mfunction[0m [33mScrollProgress[0m() {
  [90m4 |[0m   [36mconst[0m progressRef = useRef<[33mHTMLDivElement[0m | [36mnull[0m>([36mnull[0m);

Ecmascript file had an error

Import trace:
  Server Component:
    ./src/components/motion/ScrollProgress.tsx
    ./src/components/layout/AppShell.tsx
    ./src/app/layout.tsx


./src/components/home/HouseStory.tsx:1:31
Error: You're importing a module that depends on `useRef` into a React Server Component module. This API is only available in Client Components. To fix, mark the file (or its parent) with the `"use client"` directive.
    Learn more: https://nextjs.org/docs/app/api-reference/directives/use-client
[31m[1m>[0m [90m1 |[0m [36mimport[0m { useEffect, useState, useRef } [36mfrom[0m [32m"react"[0m;
  [90m  |[0m                               [31m[1m^^^^^^[0m
  [90m2 |[0m [36mimport[0m [33mLink[0m [36mfrom[0m [32m"next/link"[0m;
  [90m3 |[0m [36mimport[0m { [33mReveal[0m } [36mfrom[0m [32m"@/components/motion/Reveal"[0m;
  [90m4 |[0m [36mimport[0m { [33mContainer[0m } [36mfrom[0m [32m"@/components/ui/Container"[0m;

Ecmascript file had an error

Import trace:
  Server Component:
    ./src/components/home/HouseStory.tsx
    ./src/components/home/HomePage.tsx
    ./src/app/page.tsx


./src/components/motion/MagneticCursor.tsx:1:21
Error: You're importing a module that depends on `useRef` into a React Server Component module. This API is only available in Client Components. To fix, mark the file (or its parent) with the `"use client"` directive.
    Learn more: https://nextjs.org/docs/app/api-reference/directives/use-client
[31m[1m>[0m [90m1 |[0m [36mimport[0m { useEffect, useRef, useState } [36mfrom[0m [32m"react"[0m;
  [90m  |[0m                     [31m[1m^^^^^^[0m
  [90m2 |[0m [36mimport[0m { useReducedMotion } [36mfrom[0m [32m"@/hooks/useReducedMotion"[0m;
  [90m3 |[0m
  [90m4 |[0m [36mexport[0m [36mfunction[0m [33mMagneticCursor[0m() {

Ecmascript file had an error

Import trace:
  Server Component:
    ./src/components/motion/MagneticCursor.tsx
    ./src/components/layout/AppShell.tsx
    ./src/app/layout.tsx


./src/components/motion/ScrollProgress.tsx:1:21
Error: You're importing a module that depends on `useRef` into a React Server Component module. This API is only available in Client Components. To fix, mark the file (or its parent) with the `"use client"` directive.
    Learn more: https://nextjs.org/docs/app/api-reference/directives/use-client
[31m[1m>[0m [90m1 |[0m [36mimport[0m { useEffect, useRef } [36mfrom[0m [32m"react"[0m;
  [90m  |[0m                     [31m[1m^^^^^^[0m
  [90m2 |[0m
  [90m3 |[0m [36mexport[0m [36mfunction[0m [33mScrollProgress[0m() {
  [90m4 |[0m   [36mconst[0m progressRef = useRef<[33mHTMLDivElement[0m | [36mnull[0m>([36mnull[0m);

Ecmascript file had an error

Import trace:
  Server Component:
    ./src/components/motion/ScrollProgress.tsx
    ./src/components/layout/AppShell.tsx
    ./src/app/layout.tsx


./src/components/home/HouseStory.tsx:1:21
Error: You're importing a module that depends on `useState` into a React Server Component module. This API is only available in Client Components. To fix, mark the file (or its parent) with the `"use client"` directive.
    Learn more: https://nextjs.org/docs/app/api-reference/directives/use-client
[31m[1m>[0m [90m1 |[0m [36mimport[0m { useEffect, useState, useRef } [36mfrom[0m [32m"react"[0m;
  [90m  |[0m                     [31m[1m^^^^^^^^[0m
  [90m2 |[0m [36mimport[0m [33mLink[0m [36mfrom[0m [32m"next/link"[0m;
  [90m3 |[0m [36mimport[0m { [33mReveal[0m } [36mfrom[0m [32m"@/components/motion/Reveal"[0m;
  [90m4 |[0m [36mimport[0m { [33mContainer[0m } [36mfrom[0m [32m"@/components/ui/Container"[0m;

Ecmascript file had an error

Import trace:
  Server Component:
    ./src/components/home/HouseStory.tsx
    ./src/components/home/HomePage.tsx
    ./src/app/page.tsx


./src/components/motion/MagneticCursor.tsx:1:29
Error: You're importing a module that depends on `useState` into a React Server Component module. This API is only available in Client Components. To fix, mark the file (or its parent) with the `"use client"` directive.
    Learn more: https://nextjs.org/docs/app/api-reference/directives/use-client
[31m[1m>[0m [90m1 |[0m [36mimport[0m { useEffect, useRef, useState } [36mfrom[0m [32m"react"[0m;
  [90m  |[0m                             [31m[1m^^^^^^^^[0m
  [90m2 |[0m [36mimport[0m { useReducedMotion } [36mfrom[0m [32m"@/hooks/useReducedMotion"[0m;
  [90m3 |[0m
  [90m4 |[0m [36mexport[0m [36mfunction[0m [33mMagneticCursor[0m() {

Ecmascript file had an error

Import trace:
  Server Component:
    ./src/components/motion/MagneticCursor.tsx
    ./src/components/layout/AppShell.tsx
    ./src/app/layout.tsx


    at async transform (turbopack:///[turbopack-node]/transforms/postcss.ts?config=[project]/postcss.config.mjs:70:34) [/root/sus-wears/.next/build/chunks/[root-of-the-server]__1kki86f._.js:98:36])
    at async run (turbopack:///[turbopack-node]/child_process/evaluate.ts:89:23) [/root/sus-wears/.next/build/chunks/[root-of-the-server]__05i36w1._.js:73:31])
    at <unknown> (./src/components/home/HouseStory.tsx:1:10)
    at <unknown> (./src/components/motion/MagneticCursor.tsx:1:10)
    at <unknown> (./src/components/motion/ScrollProgress.tsx:1:10)
    at <unknown> (./src/components/home/HouseStory.tsx:1:31)
    at <unknown> (./src/components/motion/MagneticCursor.tsx:1:21)
    at <unknown> (./src/components/motion/ScrollProgress.tsx:1:21)
    at <unknown> (./src/components/home/HouseStory.tsx:1:21)
    at <unknown> (./src/components/motion/MagneticCursor.tsx:1:29)
